// Jest Snapshot v1, https://goo.gl/fbAQLP

exports[`<App /> matches the screenshot 1`] = `
<Fragment>
  <h1
    className="h1"
  >
    Star Wars - Starships
  </h1>
  <h2
    className="h2"
  >
    Create React App with Class Components
  </h2>
  <AppClassDemo />
  <h2
    className="h2"
  >
    Create React App with Functional Components
  </h2>
  <AppFunctionDemo />
</Fragment>
`;
